------------------------------------------------------------
TimeQuest Timing Analyzer Summary
------------------------------------------------------------

Type  : Slow 1100mV 85C Model Setup 'demo_qsys_hps_0:hps_0|demo_qsys_hps_0_hps_io:hps_io|demo_qsys_hps_0_hps_io_border:border|hps_sdram:hps_sdram_inst|hps_sdram_pll:pll|afi_clk_write_clk'
Slack : 1.435
TNS   : 0.000

Type  : Slow 1100mV 85C Model Setup 'clk_clk'
Slack : 8.797
TNS   : 0.000

Type  : Slow 1100mV 85C Model Setup 'altera_reserved_tck'
Slack : 9.382
TNS   : 0.000

Type  : Slow 1100mV 85C Model Hold 'demo_qsys_hps_0:hps_0|demo_qsys_hps_0_hps_io:hps_io|demo_qsys_hps_0_hps_io_border:border|hps_sdram:hps_sdram_inst|hps_sdram_pll:pll|afi_clk_write_clk'
Slack : 0.188
TNS   : 0.000

Type  : Slow 1100mV 85C Model Hold 'clk_clk'
Slack : 0.315
TNS   : 0.000

Type  : Slow 1100mV 85C Model Hold 'altera_reserved_tck'
Slack : 0.613
TNS   : 0.000

Type  : Slow 1100mV 85C Model Recovery 'demo_qsys_hps_0:hps_0|demo_qsys_hps_0_hps_io:hps_io|demo_qsys_hps_0_hps_io_border:border|hps_sdram:hps_sdram_inst|hps_sdram_pll:pll|afi_clk_write_clk'
Slack : 2.839
TNS   : 0.000

Type  : Slow 1100mV 85C Model Recovery 'clk_clk'
Slack : 12.832
TNS   : 0.000

Type  : Slow 1100mV 85C Model Recovery 'altera_reserved_tck'
Slack : 36.193
TNS   : 0.000

Type  : Slow 1100mV 85C Model Removal 'demo_qsys_hps_0:hps_0|demo_qsys_hps_0_hps_io:hps_io|demo_qsys_hps_0_hps_io_border:border|hps_sdram:hps_sdram_inst|hps_sdram_pll:pll|afi_clk_write_clk'
Slack : 0.469
TNS   : 0.000

Type  : Slow 1100mV 85C Model Removal 'clk_clk'
Slack : 0.820
TNS   : 0.000

Type  : Slow 1100mV 85C Model Removal 'altera_reserved_tck'
Slack : 1.351
TNS   : 0.000

Type  : Slow 1100mV 85C Model Minimum Pulse Width 'demo_qsys_hps_0:hps_0|demo_qsys_hps_0_hps_io:hps_io|demo_qsys_hps_0_hps_io_border:border|hps_sdram:hps_sdram_inst|hps_sdram_pll:pll|pll_write_clk_dq_write_clk'
Slack : 0.390
TNS   : 0.000

Type  : Slow 1100mV 85C Model Minimum Pulse Width 'demo_qsys_hps_0:hps_0|demo_qsys_hps_0_hps_io:hps_io|demo_qsys_hps_0_hps_io_border:border|hps_sdram:hps_sdram_inst|hps_sdram_pll:pll|afi_clk_write_clk'
Slack : 0.406
TNS   : 0.000

Type  : Slow 1100mV 85C Model Minimum Pulse Width 'clk_clk'
Slack : 8.228
TNS   : 0.000

Type  : Slow 1100mV 85C Model Minimum Pulse Width 'hps_io_hps_io_usb1_inst_CLK'
Slack : 10.397
TNS   : 0.000

Type  : Slow 1100mV 85C Model Minimum Pulse Width 'altera_reserved_tck'
Slack : 18.908
TNS   : 0.000

Type  : Slow 1100mV 85C Model Minimum Pulse Width 'hps_io_hps_io_i2c0_inst_SCL'
Slack : 499.988
TNS   : 0.000

Type  : Slow 1100mV 0C Model Setup 'demo_qsys_hps_0:hps_0|demo_qsys_hps_0_hps_io:hps_io|demo_qsys_hps_0_hps_io_border:border|hps_sdram:hps_sdram_inst|hps_sdram_pll:pll|afi_clk_write_clk'
Slack : 1.408
TNS   : 0.000

Type  : Slow 1100mV 0C Model Setup 'clk_clk'
Slack : 8.441
TNS   : 0.000

Type  : Slow 1100mV 0C Model Setup 'altera_reserved_tck'
Slack : 9.304
TNS   : 0.000

Type  : Slow 1100mV 0C Model Hold 'demo_qsys_hps_0:hps_0|demo_qsys_hps_0_hps_io:hps_io|demo_qsys_hps_0_hps_io_border:border|hps_sdram:hps_sdram_inst|hps_sdram_pll:pll|afi_clk_write_clk'
Slack : 0.228
TNS   : 0.000

Type  : Slow 1100mV 0C Model Hold 'clk_clk'
Slack : 0.288
TNS   : 0.000

Type  : Slow 1100mV 0C Model Hold 'altera_reserved_tck'
Slack : 0.640
TNS   : 0.000

Type  : Slow 1100mV 0C Model Recovery 'demo_qsys_hps_0:hps_0|demo_qsys_hps_0_hps_io:hps_io|demo_qsys_hps_0_hps_io_border:border|hps_sdram:hps_sdram_inst|hps_sdram_pll:pll|afi_clk_write_clk'
Slack : 3.037
TNS   : 0.000

Type  : Slow 1100mV 0C Model Recovery 'clk_clk'
Slack : 13.049
TNS   : 0.000

Type  : Slow 1100mV 0C Model Recovery 'altera_reserved_tck'
Slack : 36.360
TNS   : 0.000

Type  : Slow 1100mV 0C Model Removal 'demo_qsys_hps_0:hps_0|demo_qsys_hps_0_hps_io:hps_io|demo_qsys_hps_0_hps_io_border:border|hps_sdram:hps_sdram_inst|hps_sdram_pll:pll|afi_clk_write_clk'
Slack : 0.440
TNS   : 0.000

Type  : Slow 1100mV 0C Model Removal 'clk_clk'
Slack : 0.769
TNS   : 0.000

Type  : Slow 1100mV 0C Model Removal 'altera_reserved_tck'
Slack : 1.204
TNS   : 0.000

Type  : Slow 1100mV 0C Model Minimum Pulse Width 'demo_qsys_hps_0:hps_0|demo_qsys_hps_0_hps_io:hps_io|demo_qsys_hps_0_hps_io_border:border|hps_sdram:hps_sdram_inst|hps_sdram_pll:pll|pll_write_clk_dq_write_clk'
Slack : 0.399
TNS   : 0.000

Type  : Slow 1100mV 0C Model Minimum Pulse Width 'demo_qsys_hps_0:hps_0|demo_qsys_hps_0_hps_io:hps_io|demo_qsys_hps_0_hps_io_border:border|hps_sdram:hps_sdram_inst|hps_sdram_pll:pll|afi_clk_write_clk'
Slack : 0.420
TNS   : 0.000

Type  : Slow 1100mV 0C Model Minimum Pulse Width 'clk_clk'
Slack : 8.166
TNS   : 0.000

Type  : Slow 1100mV 0C Model Minimum Pulse Width 'hps_io_hps_io_usb1_inst_CLK'
Slack : 10.409
TNS   : 0.000

Type  : Slow 1100mV 0C Model Minimum Pulse Width 'altera_reserved_tck'
Slack : 18.921
TNS   : 0.000

Type  : Slow 1100mV 0C Model Minimum Pulse Width 'hps_io_hps_io_i2c0_inst_SCL'
Slack : 499.949
TNS   : 0.000

Type  : Fast 1100mV 85C Model Setup 'demo_qsys_hps_0:hps_0|demo_qsys_hps_0_hps_io:hps_io|demo_qsys_hps_0_hps_io_border:border|hps_sdram:hps_sdram_inst|hps_sdram_pll:pll|afi_clk_write_clk'
Slack : 2.110
TNS   : 0.000

Type  : Fast 1100mV 85C Model Setup 'altera_reserved_tck'
Slack : 12.908
TNS   : 0.000

Type  : Fast 1100mV 85C Model Setup 'clk_clk'
Slack : 14.341
TNS   : 0.000

Type  : Fast 1100mV 85C Model Hold 'demo_qsys_hps_0:hps_0|demo_qsys_hps_0_hps_io:hps_io|demo_qsys_hps_0_hps_io_border:border|hps_sdram:hps_sdram_inst|hps_sdram_pll:pll|afi_clk_write_clk'
Slack : 0.084
TNS   : 0.000

Type  : Fast 1100mV 85C Model Hold 'clk_clk'
Slack : 0.140
TNS   : 0.000

Type  : Fast 1100mV 85C Model Hold 'altera_reserved_tck'
Slack : 0.158
TNS   : 0.000

Type  : Fast 1100mV 85C Model Recovery 'demo_qsys_hps_0:hps_0|demo_qsys_hps_0_hps_io:hps_io|demo_qsys_hps_0_hps_io_border:border|hps_sdram:hps_sdram_inst|hps_sdram_pll:pll|afi_clk_write_clk'
Slack : 3.727
TNS   : 0.000

Type  : Fast 1100mV 85C Model Recovery 'clk_clk'
Slack : 16.001
TNS   : 0.000

Type  : Fast 1100mV 85C Model Recovery 'altera_reserved_tck'
Slack : 37.995
TNS   : 0.000

Type  : Fast 1100mV 85C Model Removal 'clk_clk'
Slack : 0.301
TNS   : 0.000

Type  : Fast 1100mV 85C Model Removal 'altera_reserved_tck'
Slack : 0.369
TNS   : 0.000

Type  : Fast 1100mV 85C Model Removal 'demo_qsys_hps_0:hps_0|demo_qsys_hps_0_hps_io:hps_io|demo_qsys_hps_0_hps_io_border:border|hps_sdram:hps_sdram_inst|hps_sdram_pll:pll|afi_clk_write_clk'
Slack : 0.455
TNS   : 0.000

Type  : Fast 1100mV 85C Model Minimum Pulse Width 'demo_qsys_hps_0:hps_0|demo_qsys_hps_0_hps_io:hps_io|demo_qsys_hps_0_hps_io_border:border|hps_sdram:hps_sdram_inst|hps_sdram_pll:pll|pll_write_clk_dq_write_clk'
Slack : 0.883
TNS   : 0.000

Type  : Fast 1100mV 85C Model Minimum Pulse Width 'demo_qsys_hps_0:hps_0|demo_qsys_hps_0_hps_io:hps_io|demo_qsys_hps_0_hps_io_border:border|hps_sdram:hps_sdram_inst|hps_sdram_pll:pll|afi_clk_write_clk'
Slack : 0.891
TNS   : 0.000

Type  : Fast 1100mV 85C Model Minimum Pulse Width 'clk_clk'
Slack : 8.819
TNS   : 0.000

Type  : Fast 1100mV 85C Model Minimum Pulse Width 'hps_io_hps_io_usb1_inst_CLK'
Slack : 10.063
TNS   : 0.000

Type  : Fast 1100mV 85C Model Minimum Pulse Width 'altera_reserved_tck'
Slack : 19.002
TNS   : 0.000

Type  : Fast 1100mV 85C Model Minimum Pulse Width 'hps_io_hps_io_i2c0_inst_SCL'
Slack : 499.643
TNS   : 0.000

Type  : Fast 1100mV 0C Model Setup 'demo_qsys_hps_0:hps_0|demo_qsys_hps_0_hps_io:hps_io|demo_qsys_hps_0_hps_io_border:border|hps_sdram:hps_sdram_inst|hps_sdram_pll:pll|afi_clk_write_clk'
Slack : 2.110
TNS   : 0.000

Type  : Fast 1100mV 0C Model Setup 'altera_reserved_tck'
Slack : 13.031
TNS   : 0.000

Type  : Fast 1100mV 0C Model Setup 'clk_clk'
Slack : 14.918
TNS   : 0.000

Type  : Fast 1100mV 0C Model Hold 'demo_qsys_hps_0:hps_0|demo_qsys_hps_0_hps_io:hps_io|demo_qsys_hps_0_hps_io_border:border|hps_sdram:hps_sdram_inst|hps_sdram_pll:pll|afi_clk_write_clk'
Slack : 0.077
TNS   : 0.000

Type  : Fast 1100mV 0C Model Hold 'clk_clk'
Slack : 0.128
TNS   : 0.000

Type  : Fast 1100mV 0C Model Hold 'altera_reserved_tck'
Slack : 0.145
TNS   : 0.000

Type  : Fast 1100mV 0C Model Recovery 'demo_qsys_hps_0:hps_0|demo_qsys_hps_0_hps_io:hps_io|demo_qsys_hps_0_hps_io_border:border|hps_sdram:hps_sdram_inst|hps_sdram_pll:pll|afi_clk_write_clk'
Slack : 3.825
TNS   : 0.000

Type  : Fast 1100mV 0C Model Recovery 'clk_clk'
Slack : 16.500
TNS   : 0.000

Type  : Fast 1100mV 0C Model Recovery 'altera_reserved_tck'
Slack : 38.186
TNS   : 0.000

Type  : Fast 1100mV 0C Model Removal 'clk_clk'
Slack : 0.276
TNS   : 0.000

Type  : Fast 1100mV 0C Model Removal 'altera_reserved_tck'
Slack : 0.322
TNS   : 0.000

Type  : Fast 1100mV 0C Model Removal 'demo_qsys_hps_0:hps_0|demo_qsys_hps_0_hps_io:hps_io|demo_qsys_hps_0_hps_io_border:border|hps_sdram:hps_sdram_inst|hps_sdram_pll:pll|afi_clk_write_clk'
Slack : 0.428
TNS   : 0.000

Type  : Fast 1100mV 0C Model Minimum Pulse Width 'demo_qsys_hps_0:hps_0|demo_qsys_hps_0_hps_io:hps_io|demo_qsys_hps_0_hps_io_border:border|hps_sdram:hps_sdram_inst|hps_sdram_pll:pll|pll_write_clk_dq_write_clk'
Slack : 0.887
TNS   : 0.000

Type  : Fast 1100mV 0C Model Minimum Pulse Width 'demo_qsys_hps_0:hps_0|demo_qsys_hps_0_hps_io:hps_io|demo_qsys_hps_0_hps_io_border:border|hps_sdram:hps_sdram_inst|hps_sdram_pll:pll|afi_clk_write_clk'
Slack : 0.894
TNS   : 0.000

Type  : Fast 1100mV 0C Model Minimum Pulse Width 'clk_clk'
Slack : 8.820
TNS   : 0.000

Type  : Fast 1100mV 0C Model Minimum Pulse Width 'hps_io_hps_io_usb1_inst_CLK'
Slack : 10.049
TNS   : 0.000

Type  : Fast 1100mV 0C Model Minimum Pulse Width 'altera_reserved_tck'
Slack : 19.046
TNS   : 0.000

Type  : Fast 1100mV 0C Model Minimum Pulse Width 'hps_io_hps_io_i2c0_inst_SCL'
Slack : 499.632
TNS   : 0.000

------------------------------------------------------------
Info: see the "DDR report" for DDR timing results
------------------------------------------------------------
------------------------------------------------------------
